
print *, "1 LFortran"


print *, "2 LFortran 1"


print *, "3 LFortran 1"


print *, "4 LFortran 1"


    print *, "42 LFortran 1"





print *, "X is 1"

    print *, "1 Y is 1"



print *, "X is 2"

    print *, "2 Y is 3"




print *, "X is 4"

    print *, "4 Y is 4"


print *, "X is not 1-4"
    print *, "5 Y is not 1-4"

end
