MODULE m
CONTAINS
 SUBROUTINE s (x1, x2, x3, x4, x5, x6, x7)
  !DIR$ IGNORE_TKR x1
  !DIR$ IGNORE_TKR x2
  !DIR$ IGNORE_TKR x3
  !DIR$ IGNORE_TKR x4
  !DIR$ IGNORE_TKR x5
  !DIR$ IGNORE_TKR x6
  STOP 1_4
!$OMP PARALLEL DO  REDUCTION(+: x)
  DO j1=1_4,n
  END DO
!$OMP PARALLEL DO  REDUCTION(+: x)
  DO j2=1_4,n
  END DO
!$OMP PARALLEL DO  REDUCTION(+: x)
  DO j3=1_4,n
  END DO
 END SUBROUTINE
END MODULE
