#line ".\pp014.F" 4
      integer function IFLM(x)
        integer :: x
        IFLM = x
      end function IFLM
      program main

      integer :: res
      res = ((666)+111)


      if (res .eq. 777) then
        print *, 'pp014.F yes'
      else
        print *, 'pp014.F no: ', res
      end if
      end
