#line ".\pp120.F90" 4
      integer function IFLM(x)
        integer :: x
        IFLM = x
      end function IFLM
      program main
      integer, parameter :: KWM = 999


      integer :: res
      res = ((111)+666)
      if (res .eq. 777) then
        print *, 'pp120.F90 yes'
      else
        print *, 'pp120.F90 no: ', res
      end if
      end
