#line ".\pp133.f90" 11
      subroutine foo
      character(*), parameter :: simple_literal = "!!!!!!!!!!!!!!!!!!!!!&
     &!!!!!!!!!!!!!!!!!!!!!!!!!!!!!!!!!!!!!!!!!!!!!!!!!!!!!!!!!!!!!!!!!!&
     &!!!!!!!!!!!!!!!!!!!!!!!!!!!!!!!!!!!!!!!!!!!!!!!!!!!!!!!!!!!!!!!!!!&
     &!!!!!!!!!!!!!"
#line 13
      character(*), parameter :: hollerith_literal = 166H!!!!!!!!!!!!!!!&
     &!!!!!!!!!!!!!!!!!!!!!!!!!!!!!!!!!!!!!!!!!!!!!!!!!!!!!!!!!!!!!!!!!!&
     &!!!!!!!!!!!!!!!!!!!!!!!!!!!!!!!!!!!!!!!!!!!!!!!!!!!!!!!!!!!!!!!!!!&
     &!!!!!!!!!!!!!!!!!!!
#line 14
      end subroutine foo
