type(integer) :: cpu_32

type(integer) :: gpu_32

integer, public :: i_integer32

type(integer) :: cpu_64

type(integer) :: gpu_64

integer, public :: i_integer64

type, public :: object_integer
end type

type(real) :: cpu_32

type(real) :: gpu_32

integer, public :: i_real32

type(real) :: cpu_64

type(real) :: gpu_64

integer, public :: i_real64

type, public :: object_real
end type

type(complex) :: cpu_32

type(complex) :: gpu_32

integer, public :: i_complex32

type(complex) :: cpu_64

type(complex) :: gpu_64

integer, public :: i_complex64

type, public :: object_complex
end type